error: unknown clippy lint: clippy::get_last_with_len
  --> $DIR/get_last_with_len.rs:1:9
   |
LL | #![warn(clippy::get_last_with_len)]
   |         ^^^^^^^^^^^^^^^^^^^^^^^^^
   |
   = note: `-D clippy::unknown-clippy-lints` implied by `-D warnings`

error: aborting due to previous error

