error: there should be some output to this lint but there wasn't
